// Vitest Snapshot v1, https://vitest.dev/guide/snapshot.html

exports[`Golden-file & behavior trace regression tests > locks the integrated X-Bridges C package to a golden snapshot 1`] = `
[
  {
    "content": "#ifndef SM_CORE_H
#define SM_CORE_H

#include "sm_config.h"

SM_Error_t SM_Init(ADIA_Instance_t *instance);
SM_Error_t SM_Reset(ADIA_Instance_t *instance);
SM_Error_t SM_ReadInputs(ADIA_Instance_t *instance);
SM_Error_t SM_Step(ADIA_Instance_t *instance, uint32_t delta_ms);
SM_Error_t SM_WriteOutputs(ADIA_Instance_t *instance);
SM_Error_t SM_Sync_IO(ADIA_Instance_t *instance);
SM_Node_t SM_GetActive(const ADIA_Instance_t *instance, SM_Group_t group);
SM_Error_t SM_GetError(const ADIA_Instance_t *instance);
#ifdef SM_TRACE_ENABLED
void SM_SetTraceSink(ADIA_Instance_t *instance, SM_TraceSink_t sink);
void SM_TraceAction(ADIA_Instance_t *instance, const char *action);
#else
#define SM_TraceAction(instance, action) ((void)0)
#endif

#endif /* SM_CORE_H */
",
    "name": "sm_core.h",
  },
  {
    "content": "#include <float.h>
#include <limits.h>
#include <math.h>
#include <stddef.h>
#include <string.h>
#include "sm_core.h"
#include "sm_safety.h"
#include "sm_user_logic.h"
#include "mcal_dio.h"

#ifdef SM_TRACE_ENABLED
void SM_SetTraceSink(ADIA_Instance_t *instance, SM_TraceSink_t sink)
{
    if (instance != NULL) {
        instance->trace_sink = sink;
    }
}

void SM_TraceAction(ADIA_Instance_t *instance, const char *action)
{
    if ((instance != NULL) && (instance->trace_sink != NULL)) {
        const SM_TraceEvent_t event = { action };
        instance->trace_sink(&event);
    }
}
#endif

static void SM_XB_CONTROLLER_SolverSubstep(ADIA_Instance_t *instance)
{
    {
        (void)instance;
    }
}


void SM_XB_CONTROLLER_Init(ADIA_Instance_t *instance)
{
    (void)memset(&instance->xb_controller, 0, sizeof(instance->xb_controller));
}

void SM_XB_CONTROLLER_Enter(ADIA_Instance_t *instance)
{
    SM_XB_CONTROLLER_Init(instance);
}

void SM_XB_CONTROLLER_Step(ADIA_Instance_t *instance)
{
    uint32_t xb_substep;
    for (xb_substep = 0U; xb_substep < SM_XB_CONTROLLER_SUBSTEPS_PER_TICK; ++xb_substep) {
        SM_XB_CONTROLLER_SolverSubstep(instance);
    }
}

static void SM_Enter_Layer_Default_0(ADIA_Instance_t *instance);
static void SM_Exit_Layer_No_History_0(ADIA_Instance_t *instance);
static bool SM_Execute_Layer_0(ADIA_Instance_t *instance);
static void SM_Enter_Deep_1(ADIA_Instance_t *instance);
static void SM_Restore_State_1(ADIA_Instance_t *instance, uint32_t snapshot_layer);
static bool SM_Execute_State_1(ADIA_Instance_t *instance);
static void SM_Enter_Deep_2(ADIA_Instance_t *instance);
static void SM_Restore_State_2(ADIA_Instance_t *instance, uint32_t snapshot_layer);
static bool SM_Execute_State_2(ADIA_Instance_t *instance);
static void SM_Record_Layer_History(ADIA_Instance_t *instance, uint32_t layer);
static void SM_Exit_Layer(ADIA_Instance_t *instance, uint32_t layer);
static void SM_Exit_State(ADIA_Instance_t *instance, SM_Node_t state, bool record_containing_layer);
static void SM_Exit_All(ADIA_Instance_t *instance);
static void SM_Enter_Safe_State(ADIA_Instance_t *instance);
static void SM_Enter_Fault(ADIA_Instance_t *instance);

static void SM_Record_Layer_History(ADIA_Instance_t *instance, uint32_t layer)
{
    uint32_t state_index;
    for (state_index = 0U; state_index <= SM_NUM_STATES; ++state_index) {
        instance->deep_history[layer][state_index] = false;
    }
    switch (layer) {
        case SM_LYR_ROOT_IDX:
            instance->history_states[0U] = instance->active_states[0U];
            instance->deep_history[SM_LYR_ROOT_IDX][SM_ST_ORDINARY_IDX] = instance->state_active[SM_ST_ORDINARY_IDX];
            instance->deep_history[SM_LYR_ROOT_IDX][SM_ST_CONTROLLER_IDX] = instance->state_active[SM_ST_CONTROLLER_IDX];
            break;
        default: break;
    }
}

static void SM_Exit_Layer(ADIA_Instance_t *instance, uint32_t layer)
{
    switch (layer) {
        case SM_LYR_ROOT_IDX:
            SM_Record_Layer_History(instance, SM_LYR_ROOT_IDX);
            if (instance->active_states[0U] != SM_NODE_INVALID) {
                SM_Exit_State(instance, instance->active_states[0U], false);
            }
            break;
        default: break;
    }
}

static void SM_Exit_State(ADIA_Instance_t *instance, SM_Node_t state, bool record_containing_layer)
{
    if (record_containing_layer) {
        switch (state) {
            case SM_ST_ORDINARY: SM_Record_Layer_History(instance, SM_LYR_ROOT_IDX); break;
            case SM_ST_CONTROLLER: SM_Record_Layer_History(instance, SM_LYR_ROOT_IDX); break;
            default: break;
        }
    }
    switch (state) {
        case SM_ST_ORDINARY:
            if (!instance->state_active[SM_ST_ORDINARY_IDX]) { break; }
            SM_ST_ORDINARY_Exit(instance);
            instance->state_active[SM_ST_ORDINARY_IDX] = false;
            instance->state_timers[SM_ST_ORDINARY_IDX] = 0U;
            if (instance->active_states[0U] == SM_ST_ORDINARY) {
                instance->active_states[0U] = SM_NODE_INVALID;
            }
            break;
        case SM_ST_CONTROLLER:
            if (!instance->state_active[SM_ST_CONTROLLER_IDX]) { break; }
            SM_ST_CONTROLLER_Exit(instance);
            instance->state_active[SM_ST_CONTROLLER_IDX] = false;
            instance->state_timers[SM_ST_CONTROLLER_IDX] = 0U;
            if (instance->active_states[0U] == SM_ST_CONTROLLER) {
                instance->active_states[0U] = SM_NODE_INVALID;
            }
            break;
        default: break;
    }
}

static void SM_Exit_Layer_No_History_0(ADIA_Instance_t *instance)
{
    if (instance->active_states[0U] != SM_NODE_INVALID) {
        SM_Exit_State(instance, instance->active_states[0U], false);
    }
}

static void SM_Enter_Layer_Default_0(ADIA_Instance_t *instance)
{
    SM_Enter_Deep_1(instance);
}

static void SM_Enter_Deep_1(ADIA_Instance_t *instance)
{
    instance->state_active[SM_ST_ORDINARY_IDX] = true;
    instance->state_timers[SM_ST_ORDINARY_IDX] = 0U;
    instance->active_states[0U] = SM_ST_ORDINARY;
    SM_ST_ORDINARY_Entry(instance);
}

static void SM_Restore_State_1(ADIA_Instance_t *instance, uint32_t snapshot_layer)
{
    (void)snapshot_layer;
    instance->state_active[SM_ST_ORDINARY_IDX] = true;
    instance->state_timers[SM_ST_ORDINARY_IDX] = 0U;
    instance->active_states[0U] = SM_ST_ORDINARY;
    SM_ST_ORDINARY_Entry(instance);
}

static void SM_Enter_Deep_2(ADIA_Instance_t *instance)
{
    instance->state_active[SM_ST_CONTROLLER_IDX] = true;
    instance->state_timers[SM_ST_CONTROLLER_IDX] = 0U;
    instance->active_states[0U] = SM_ST_CONTROLLER;
    SM_XB_CONTROLLER_Enter(instance);
    SM_ST_CONTROLLER_Entry(instance);
}

static void SM_Restore_State_2(ADIA_Instance_t *instance, uint32_t snapshot_layer)
{
    (void)snapshot_layer;
    instance->state_active[SM_ST_CONTROLLER_IDX] = true;
    instance->state_timers[SM_ST_CONTROLLER_IDX] = 0U;
    instance->active_states[0U] = SM_ST_CONTROLLER;
    SM_XB_CONTROLLER_Enter(instance);
    SM_ST_CONTROLLER_Entry(instance);
}

static bool SM_Execute_Layer_0(ADIA_Instance_t *instance)
{
    switch (instance->active_states[0U]) {
        case SM_ST_ORDINARY:
            return SM_Execute_State_1(instance);
        case SM_ST_CONTROLLER:
            return SM_Execute_State_2(instance);
        default: return false;
    }
}

static bool SM_Execute_State_1(ADIA_Instance_t *instance)
{
    SM_ST_ORDINARY_During(instance);
    return false;
}

static bool SM_Execute_State_2(ADIA_Instance_t *instance)
{
    SM_ST_CONTROLLER_During(instance);
    SM_XB_CONTROLLER_Step(instance);
    if (instance->error_status != SM_ERR_NONE) {
        return false;
    }
    SM_TraceAction(instance, "xbridges:CONTROLLER");
    return false;
}

static void SM_Exit_All(ADIA_Instance_t *instance)
{
    SM_Exit_Layer(instance, SM_LYR_ROOT_IDX);
}

static void SM_Enter_Safe_State(ADIA_Instance_t *instance)
{
    (void)instance;
}

static void SM_Enter_Fault(ADIA_Instance_t *instance)
{
    if (!instance->fault_latched) {
        SM_Exit_All(instance);
        SM_Enter_Safe_State(instance);
        SM_ApplySafeOutputs(instance);
        instance->fault_latched = true;
    }
}

SM_Error_t SM_Init(ADIA_Instance_t *instance)
{
    uint32_t layer_index;
    uint32_t state_index;
    if (instance == NULL) {
        return SM_ERR_NULL_INSTANCE;
    }
    (void)memset(instance, 0, sizeof(*instance));
#ifdef SM_TRACE_ENABLED
    instance->trace_sink = NULL;
#endif
    SM_XB_CONTROLLER_Init(instance);
    (void)SM_Exit_Layer_No_History_0;
    (void)SM_Enter_Deep_1;
    (void)SM_Restore_State_1;
    (void)SM_Enter_Deep_2;
    (void)SM_Restore_State_2;
    instance->data.count = (double)(1.0);
    instance->data.go = (bool)(false);
    instance->data.ratio = (double)(0.0);
    instance->data.total = (double)(0.0);
    for (layer_index = 0U; layer_index < SM_NUM_ACTIVE_SLOTS; ++layer_index) {
        instance->active_states[layer_index] = SM_NODE_INVALID;
        instance->history_states[layer_index] = SM_NODE_INVALID;
    }
    for (layer_index = 0U; layer_index < SM_NUM_LAYERS; ++layer_index) {
        for (state_index = 0U; state_index <= SM_NUM_STATES; ++state_index) {
            instance->deep_history[layer_index][state_index] = false;
        }
    }
    for (state_index = 0U; state_index <= SM_NUM_STATES; ++state_index) {
        instance->state_active[state_index] = false;
        instance->state_timers[state_index] = 0U;
    }
    instance->error_status = SM_ERR_NONE;
    instance->fault_latched = false;
    SM_Enter_Layer_Default_0(instance);
    return SM_ERR_NONE;
}

SM_Error_t SM_Reset(ADIA_Instance_t *instance)
{
    uint32_t layer_index;
    uint32_t state_index;
    if (instance == NULL) {
        return SM_ERR_NULL_INSTANCE;
    }
    SM_Exit_Layer(instance, SM_LYR_ROOT_IDX);
    SM_XB_CONTROLLER_Init(instance);
    instance->data.count = (double)(1.0);
    instance->data.go = (bool)(false);
    instance->data.ratio = (double)(0.0);
    instance->data.total = (double)(0.0);
    for (layer_index = 0U; layer_index < SM_NUM_ACTIVE_SLOTS; ++layer_index) {
        instance->active_states[layer_index] = SM_NODE_INVALID;
        instance->history_states[layer_index] = SM_NODE_INVALID;
    }
    for (layer_index = 0U; layer_index < SM_NUM_LAYERS; ++layer_index) {
        for (state_index = 0U; state_index <= SM_NUM_STATES; ++state_index) {
            instance->deep_history[layer_index][state_index] = false;
        }
    }
    for (state_index = 0U; state_index <= SM_NUM_STATES; ++state_index) {
        instance->state_active[state_index] = false;
        instance->state_timers[state_index] = 0U;
    }
    instance->error_status = SM_ERR_NONE;
    instance->fault_latched = false;
    SM_Enter_Layer_Default_0(instance);
    return SM_WriteOutputs(instance);
}

SM_Error_t SM_ReadInputs(ADIA_Instance_t *instance)
{
    if (instance == NULL) {
        return SM_ERR_NULL_INSTANCE;
    }
    (void)instance;
    return SM_ERR_NONE;
}

SM_Error_t SM_Step(ADIA_Instance_t *instance, uint32_t delta_ms)
{
    uint32_t state_index;
    if (instance == NULL) {
        return SM_ERR_NULL_INSTANCE;
    }
    if (instance->error_status != SM_ERR_NONE) {
        SM_Enter_Fault(instance);
        return instance->error_status;
    }
    uint32_t tick_delta;
    if (delta_ms >= SM_TICK_MS) {
        tick_delta = delta_ms - SM_TICK_MS;
    } else {
        tick_delta = SM_TICK_MS - delta_ms;
    }
    if (tick_delta > SM_TICK_TOLERANCE_MS) {
        instance->error_status = SM_ERR_TIMING;
        SM_Enter_Fault(instance);
        return instance->error_status;
    }
    instance->error_status = SM_Validate_State_Consistency(instance);
    if (instance->error_status != SM_ERR_NONE) {
        SM_Enter_Fault(instance);
        return instance->error_status;
    }
    /* delta_ms is observed physical jitter; SM_TICK_MS is behavioral logical time. */
    for (state_index = 1U; state_index <= SM_NUM_STATES; ++state_index) {
        if (instance->state_active[state_index]) {
            if (SM_TICK_MS > (UINT32_MAX - instance->state_timers[state_index])) {
                instance->state_timers[state_index] = UINT32_MAX;
            } else {
                instance->state_timers[state_index] += SM_TICK_MS;
            }
        }
    }
    (void)SM_Execute_Layer_0(instance);
    if (instance->error_status != SM_ERR_NONE) {
        SM_Enter_Fault(instance);
    }
    return instance->error_status;
}

SM_Error_t SM_WriteOutputs(ADIA_Instance_t *instance)
{
    if (instance == NULL) {
        return SM_ERR_NULL_INSTANCE;
    }
    if (instance->error_status != SM_ERR_NONE) {
        SM_Enter_Fault(instance);
        return instance->error_status;
    }
    instance->error_status = SM_Validate_State_Consistency(instance);
    if (instance->error_status != SM_ERR_NONE) {
        SM_Enter_Fault(instance);
        return instance->error_status;
    }
    (void)instance;
    return SM_ERR_NONE;
}

SM_Error_t SM_Sync_IO(ADIA_Instance_t *instance)
{
    SM_Error_t error = SM_ReadInputs(instance);
    if (error == SM_ERR_NONE) {
        error = SM_WriteOutputs(instance);
    }
    return error;
}

SM_Node_t SM_GetActive(const ADIA_Instance_t *instance, SM_Group_t group)
{
    if ((instance == NULL) || (group >= SM_NUM_ACTIVE_SLOTS)) {
        return SM_NODE_INVALID;
    }
    return instance->active_states[group];
}

SM_Error_t SM_GetError(const ADIA_Instance_t *instance)
{
    return instance == NULL ? SM_ERR_NULL_INSTANCE : instance->error_status;
}
",
    "name": "sm_core.c",
  },
  {
    "content": "#ifndef SM_XBRIDGES_H
#define SM_XBRIDGES_H

#include <stdbool.h>
#include <stdint.h>

#ifndef SM_ADIA_INSTANCE_FWD
#define SM_ADIA_INSTANCE_FWD
typedef struct ADIA_Instance ADIA_Instance_t;
#endif

#define SM_XB_SUPPORTS_FLOAT16 0
#define SM_XB_SUPPORTS_FLOAT32 1
#define SM_XB_SUPPORTS_FLOAT64 0

typedef enum {
    SM_XB_FAULT_NONE = 0,
    SM_XB_FAULT_OVERFLOW,
    SM_XB_FAULT_NON_FINITE,
    SM_XB_FAULT_UNSUPPORTED_FLOAT
} SM_XB_Fault_t;

typedef enum {
    SM_XB_ROUND_FLOOR = 0,
    SM_XB_ROUND_CEILING,
    SM_XB_ROUND_ZERO,
    SM_XB_ROUND_NEAREST,
    SM_XB_ROUND_AWAY,
    SM_XB_ROUND_CONVERGENT
} SM_XB_Rounding_t;

typedef enum {
    SM_XB_OVERFLOW_SATURATE = 0,
    SM_XB_OVERFLOW_WRAP,
    SM_XB_OVERFLOW_ERROR
} SM_XB_Overflow_t;

typedef struct {
    double real_value;
    int64_t stored_integer;
    double quantization_error;
    SM_XB_Fault_t fault;
    bool has_stored_integer;
} SM_XB_NumericResult_t;

#define SM_XB_CONTROLLER_SUBSTEPS_PER_TICK 5U
typedef struct {
    uint8_t reserved;
} SM_XB_CONTROLLER_t;

SM_XB_NumericResult_t SM_XB_ConvertFixed(
    double value,
    bool is_signed,
    uint8_t word_length,
    int16_t fraction_length,
    SM_XB_Rounding_t rounding,
    SM_XB_Overflow_t overflow);
bool SM_XB_Truth(double value);
SM_XB_NumericResult_t SM_XB_ConvertBoolean(double value);
SM_XB_NumericResult_t SM_XB_ConvertFloat16(double value);
SM_XB_NumericResult_t SM_XB_ConvertFloat32(double value);
SM_XB_NumericResult_t SM_XB_ConvertFloat64(double value);

void SM_XB_CONTROLLER_Init(ADIA_Instance_t *instance);
void SM_XB_CONTROLLER_Enter(ADIA_Instance_t *instance);
void SM_XB_CONTROLLER_Step(ADIA_Instance_t *instance);

#endif /* SM_XBRIDGES_H */
",
    "name": "sm_xbridges.h",
  },
  {
    "content": "#include "sm_xbridges.h"

#include <float.h>
#include <math.h>

#define SM_XB_MAX_SAFE_INTEGER 9007199254740991.0

bool SM_XB_Truth(double value)
{
    return !isnan(value) && (value != 0.0);
}

static SM_XB_NumericResult_t SM_XB_DefaultResult(double value)
{
    SM_XB_NumericResult_t result;
    result.real_value = value;
    result.stored_integer = INT64_C(0);
    result.quantization_error = 0.0;
    result.fault = SM_XB_FAULT_NONE;
    result.has_stored_integer = false;
    return result;
}

static double SM_XB_RoundStored(double value, SM_XB_Rounding_t rounding)
{
    const double lower = floor(value);
    const double fraction = value - lower;
    switch (rounding) {
        case SM_XB_ROUND_FLOOR:
            return lower;
        case SM_XB_ROUND_CEILING:
            return ceil(value);
        case SM_XB_ROUND_ZERO:
            return trunc(value);
        case SM_XB_ROUND_NEAREST:
            return fraction < 0.5 ? lower : lower + 1.0;
        case SM_XB_ROUND_AWAY:
            return value < 0.0
                ? -floor(fabs(value) + 0.5)
                : floor(value + 0.5);
        case SM_XB_ROUND_CONVERGENT:
            if (fraction < 0.5) return lower;
            if (fraction > 0.5) return lower + 1.0;
            return fmod(fabs(lower), 2.0) == 0.0 ? lower : lower + 1.0;
        default:
            return lower;
    }
}

static uint64_t SM_XB_PositiveResidue(int64_t value, uint64_t modulus)
{
    uint64_t magnitude;
    uint64_t remainder;
    if (value >= INT64_C(0)) {
        return ((uint64_t)value) % modulus;
    }
    magnitude = (uint64_t)(-(value + INT64_C(1)));
    magnitude += UINT64_C(1);
    remainder = magnitude % modulus;
    return remainder == UINT64_C(0) ? UINT64_C(0) : modulus - remainder;
}

SM_XB_NumericResult_t SM_XB_ConvertFixed(
    double value,
    bool is_signed,
    uint8_t word_length,
    int16_t fraction_length,
    SM_XB_Rounding_t rounding,
    SM_XB_Overflow_t overflow)
{
    SM_XB_NumericResult_t result = SM_XB_DefaultResult(value);
    double scale;
    double scaled;
    double rounded;
    double minimum;
    double maximum;
    uint64_t modulus;
    uint64_t half_modulus;
    int64_t rounded_integer;
    int64_t stored_integer;
    bool overflowed;

    if (!isfinite(value)) {
        result.fault = SM_XB_FAULT_NON_FINITE;
        return result;
    }
    if ((word_length == 0U) || (word_length > 32U)) {
        result.fault = SM_XB_FAULT_OVERFLOW;
        return result;
    }
    scale = ldexp(1.0, (int)fraction_length);
    if (!isfinite(scale) || (scale == 0.0)) {
        result.fault = SM_XB_FAULT_OVERFLOW;
        return result;
    }

    modulus = UINT64_C(1) << word_length;
    half_modulus = modulus >> 1U;
    minimum = is_signed ? -(double)half_modulus : 0.0;
    maximum = is_signed
        ? (double)(half_modulus - UINT64_C(1))
        : (double)(modulus - UINT64_C(1));
    scaled = value * scale;

    if (!isfinite(scaled) || (fabs(scaled) > SM_XB_MAX_SAFE_INTEGER)) {
        stored_integer = scaled < 0.0
            ? (int64_t)minimum
            : (int64_t)maximum;
        result.stored_integer = stored_integer;
        result.real_value = (double)stored_integer / scale;
        result.quantization_error = fabs(value - result.real_value);
        result.fault = SM_XB_FAULT_OVERFLOW;
        result.has_stored_integer = true;
        return result;
    }

    rounded = SM_XB_RoundStored(scaled, rounding);
    overflowed = (rounded < minimum) || (rounded > maximum);
    if (overflowed && (overflow != SM_XB_OVERFLOW_WRAP)) {
        const double bounded = rounded < minimum ? minimum : maximum;
        stored_integer = (int64_t)bounded;
        if (overflow == SM_XB_OVERFLOW_ERROR) {
            result.fault = SM_XB_FAULT_OVERFLOW;
        }
    } else {
        rounded_integer = (int64_t)rounded;
        if (overflowed) {
            const uint64_t residue =
                SM_XB_PositiveResidue(rounded_integer, modulus);
            if (is_signed && (residue >= half_modulus)) {
                const uint64_t magnitude = modulus - residue;
                stored_integer = -(int64_t)magnitude;
            } else {
                stored_integer = (int64_t)residue;
            }
        } else {
            stored_integer = rounded_integer;
        }
    }

    result.stored_integer = stored_integer;
    result.real_value = (double)stored_integer / scale;
    result.quantization_error = fabs(value - result.real_value);
    result.has_stored_integer = true;
    return result;
}

SM_XB_NumericResult_t SM_XB_ConvertBoolean(double value)
{
    SM_XB_NumericResult_t result = SM_XB_DefaultResult(value);
    if (!isfinite(value)) {
        result.real_value = 0.0;
        result.fault = SM_XB_FAULT_NON_FINITE;
        return result;
    }
    result.stored_integer = SM_XB_Truth(value) ? INT64_C(1) : INT64_C(0);
    result.real_value = (double)result.stored_integer;
    result.quantization_error = fabs(value - result.real_value);
    result.has_stored_integer = true;
    return result;
}

static SM_XB_NumericResult_t SM_XB_UnsupportedFloat(double value)
{
    SM_XB_NumericResult_t result = SM_XB_DefaultResult(value);
    result.fault = SM_XB_FAULT_UNSUPPORTED_FLOAT;
    return result;
}

SM_XB_NumericResult_t SM_XB_ConvertFloat16(double value)
{
    (void)value;
    return SM_XB_UnsupportedFloat(value);
}

SM_XB_NumericResult_t SM_XB_ConvertFloat32(double value)
{
#if SM_XB_SUPPORTS_FLOAT32
    SM_XB_NumericResult_t result = SM_XB_DefaultResult(value);
    float converted;
    if (!isfinite(value)) {
        result.fault = SM_XB_FAULT_NON_FINITE;
        return result;
    }
    if (fabs(value) > (double)FLT_MAX) {
        result.real_value = value < 0.0 ? -HUGE_VAL : HUGE_VAL;
        result.quantization_error = HUGE_VAL;
        result.fault = SM_XB_FAULT_NON_FINITE;
        return result;
    }
    converted = (float)value;
    result.real_value = (double)converted;
    result.quantization_error = fabs(value - result.real_value);
    if (!isfinite(result.real_value)) {
        result.fault = SM_XB_FAULT_NON_FINITE;
    }
    return result;
#else
    return SM_XB_UnsupportedFloat(value);
#endif
}

SM_XB_NumericResult_t SM_XB_ConvertFloat64(double value)
{
#if SM_XB_SUPPORTS_FLOAT64
    SM_XB_NumericResult_t result = SM_XB_DefaultResult(value);
    if (!isfinite(value)) {
        result.fault = SM_XB_FAULT_NON_FINITE;
        return result;
    }
    return result;
#else
    return SM_XB_UnsupportedFloat(value);
#endif
}
",
    "name": "sm_xbridges.c",
  },
]
`;

exports[`Golden-file & behavior trace regression tests > should match golden templates (snapshot comparison) 1`] = `
[
  {
    "content": "#ifndef SM_CONFIG_H
#define SM_CONFIG_H

#include <stdbool.h>
#include <stdint.h>
#ifndef SM_ADIA_INSTANCE_FWD
#define SM_ADIA_INSTANCE_FWD
typedef struct ADIA_Instance ADIA_Instance_t;
#endif

#define SM_TICK_MS 10U
#define SM_TICK_TOLERANCE_MS ((SM_TICK_MS / 10U) > 0U ? (SM_TICK_MS / 10U) : 1U)
#define SM_NUM_STATES 2U
#define SM_NUM_LAYERS 1U
#define SM_NUM_ACTIVE_SLOTS 1U
#define SM_LYR_ROOT_IDX 0U
/* State: A | Model ID: s1 | C enum: SM_ST_S1 */
#define SM_ST_S1_IDX 1U
/* State: B | Model ID: s2 | C enum: SM_ST_S2 */
#define SM_ST_S2_IDX 2U

typedef enum {
    SM_NODE_INVALID = 0,
    SM_ST_S1 = 1,
    SM_ST_S2 = 2
} SM_Node_t;

typedef enum {
    SM_ERR_NONE = 0,
    SM_ERR_NULL_INSTANCE,
    SM_ERR_TIMING,
    SM_ERR_CONFIGURATION,
    SM_ERR_SAFETY_VIOLATION,
    SM_ERR_XBRIDGES_NUMERIC
} SM_Error_t;

typedef uint32_t SM_Group_t;

#ifdef SM_TRACE_ENABLED
typedef struct {
    const char *action;
} SM_TraceEvent_t;
typedef void (*SM_TraceSink_t)(const SM_TraceEvent_t *event);
#endif

typedef struct {
    uint32_t log;
    bool t1;
    bool t2;
} SM_Data_t;

struct ADIA_Instance {
    SM_Data_t data;
    SM_Node_t active_states[(SM_NUM_ACTIVE_SLOTS > 0U) ? SM_NUM_ACTIVE_SLOTS : 1U];
    SM_Node_t history_states[(SM_NUM_ACTIVE_SLOTS > 0U) ? SM_NUM_ACTIVE_SLOTS : 1U];
    bool state_active[SM_NUM_STATES + 1U];
    uint32_t state_timers[SM_NUM_STATES + 1U];
    bool deep_history[SM_NUM_LAYERS][SM_NUM_STATES + 1U];
    SM_Error_t error_status;
    bool fault_latched;
#ifdef SM_TRACE_ENABLED
    SM_TraceSink_t trace_sink;
#endif
};

#endif /* SM_CONFIG_H */
",
    "name": "sm_config.h",
  },
  {
    "content": "#ifndef SM_CORE_H
#define SM_CORE_H

#include "sm_config.h"

SM_Error_t SM_Init(ADIA_Instance_t *instance);
SM_Error_t SM_Reset(ADIA_Instance_t *instance);
SM_Error_t SM_ReadInputs(ADIA_Instance_t *instance);
SM_Error_t SM_Step(ADIA_Instance_t *instance, uint32_t delta_ms);
SM_Error_t SM_WriteOutputs(ADIA_Instance_t *instance);
SM_Error_t SM_Sync_IO(ADIA_Instance_t *instance);
SM_Node_t SM_GetActive(const ADIA_Instance_t *instance, SM_Group_t group);
SM_Error_t SM_GetError(const ADIA_Instance_t *instance);
#ifdef SM_TRACE_ENABLED
void SM_SetTraceSink(ADIA_Instance_t *instance, SM_TraceSink_t sink);
void SM_TraceAction(ADIA_Instance_t *instance, const char *action);
#else
#define SM_TraceAction(instance, action) ((void)0)
#endif

#endif /* SM_CORE_H */
",
    "name": "sm_core.h",
  },
  {
    "content": "#include <float.h>
#include <limits.h>
#include <math.h>
#include <stddef.h>
#include <string.h>
#include "sm_core.h"
#include "sm_safety.h"
#include "sm_user_logic.h"
#include "mcal_dio.h"

#ifdef SM_TRACE_ENABLED
void SM_SetTraceSink(ADIA_Instance_t *instance, SM_TraceSink_t sink)
{
    if (instance != NULL) {
        instance->trace_sink = sink;
    }
}

void SM_TraceAction(ADIA_Instance_t *instance, const char *action)
{
    if ((instance != NULL) && (instance->trace_sink != NULL)) {
        const SM_TraceEvent_t event = { action };
        instance->trace_sink(&event);
    }
}
#endif

static void SM_Enter_Layer_Default_0(ADIA_Instance_t *instance);
static void SM_Exit_Layer_No_History_0(ADIA_Instance_t *instance);
static bool SM_Execute_Layer_0(ADIA_Instance_t *instance);
static void SM_Enter_Deep_1(ADIA_Instance_t *instance);
static void SM_Restore_State_1(ADIA_Instance_t *instance, uint32_t snapshot_layer);
static bool SM_Execute_State_1(ADIA_Instance_t *instance);
static void SM_Enter_Deep_2(ADIA_Instance_t *instance);
static void SM_Restore_State_2(ADIA_Instance_t *instance, uint32_t snapshot_layer);
static bool SM_Execute_State_2(ADIA_Instance_t *instance);
static void SM_Record_Layer_History(ADIA_Instance_t *instance, uint32_t layer);
static void SM_Exit_Layer(ADIA_Instance_t *instance, uint32_t layer);
static void SM_Exit_State(ADIA_Instance_t *instance, SM_Node_t state, bool record_containing_layer);
static void SM_Exit_All(ADIA_Instance_t *instance);
static void SM_Enter_Safe_State(ADIA_Instance_t *instance);
static void SM_Enter_Fault(ADIA_Instance_t *instance);

static void SM_Record_Layer_History(ADIA_Instance_t *instance, uint32_t layer)
{
    uint32_t state_index;
    for (state_index = 0U; state_index <= SM_NUM_STATES; ++state_index) {
        instance->deep_history[layer][state_index] = false;
    }
    switch (layer) {
        case SM_LYR_ROOT_IDX:
            instance->history_states[0U] = instance->active_states[0U];
            instance->deep_history[SM_LYR_ROOT_IDX][SM_ST_S1_IDX] = instance->state_active[SM_ST_S1_IDX];
            instance->deep_history[SM_LYR_ROOT_IDX][SM_ST_S2_IDX] = instance->state_active[SM_ST_S2_IDX];
            break;
        default: break;
    }
}

static void SM_Exit_Layer(ADIA_Instance_t *instance, uint32_t layer)
{
    switch (layer) {
        case SM_LYR_ROOT_IDX:
            SM_Record_Layer_History(instance, SM_LYR_ROOT_IDX);
            if (instance->active_states[0U] != SM_NODE_INVALID) {
                SM_Exit_State(instance, instance->active_states[0U], false);
            }
            break;
        default: break;
    }
}

static void SM_Exit_State(ADIA_Instance_t *instance, SM_Node_t state, bool record_containing_layer)
{
    if (record_containing_layer) {
        switch (state) {
            case SM_ST_S1: SM_Record_Layer_History(instance, SM_LYR_ROOT_IDX); break;
            case SM_ST_S2: SM_Record_Layer_History(instance, SM_LYR_ROOT_IDX); break;
            default: break;
        }
    }
    switch (state) {
        case SM_ST_S1:
            if (!instance->state_active[SM_ST_S1_IDX]) { break; }
            SM_ST_S1_Exit(instance);
            instance->state_active[SM_ST_S1_IDX] = false;
            instance->state_timers[SM_ST_S1_IDX] = 0U;
            if (instance->active_states[0U] == SM_ST_S1) {
                instance->active_states[0U] = SM_NODE_INVALID;
            }
            break;
        case SM_ST_S2:
            if (!instance->state_active[SM_ST_S2_IDX]) { break; }
            SM_ST_S2_Exit(instance);
            instance->state_active[SM_ST_S2_IDX] = false;
            instance->state_timers[SM_ST_S2_IDX] = 0U;
            if (instance->active_states[0U] == SM_ST_S2) {
                instance->active_states[0U] = SM_NODE_INVALID;
            }
            break;
        default: break;
    }
}

static void SM_Exit_Layer_No_History_0(ADIA_Instance_t *instance)
{
    if (instance->active_states[0U] != SM_NODE_INVALID) {
        SM_Exit_State(instance, instance->active_states[0U], false);
    }
}

static void SM_Enter_Layer_Default_0(ADIA_Instance_t *instance)
{
    SM_Enter_Deep_1(instance);
}

static void SM_Enter_Deep_1(ADIA_Instance_t *instance)
{
    instance->state_active[SM_ST_S1_IDX] = true;
    instance->state_timers[SM_ST_S1_IDX] = 0U;
    instance->active_states[0U] = SM_ST_S1;
    SM_ST_S1_Entry(instance);
}

static void SM_Restore_State_1(ADIA_Instance_t *instance, uint32_t snapshot_layer)
{
    (void)snapshot_layer;
    instance->state_active[SM_ST_S1_IDX] = true;
    instance->state_timers[SM_ST_S1_IDX] = 0U;
    instance->active_states[0U] = SM_ST_S1;
    SM_ST_S1_Entry(instance);
}

static void SM_Enter_Deep_2(ADIA_Instance_t *instance)
{
    instance->state_active[SM_ST_S2_IDX] = true;
    instance->state_timers[SM_ST_S2_IDX] = 0U;
    instance->active_states[0U] = SM_ST_S2;
    SM_ST_S2_Entry(instance);
}

static void SM_Restore_State_2(ADIA_Instance_t *instance, uint32_t snapshot_layer)
{
    (void)snapshot_layer;
    instance->state_active[SM_ST_S2_IDX] = true;
    instance->state_timers[SM_ST_S2_IDX] = 0U;
    instance->active_states[0U] = SM_ST_S2;
    SM_ST_S2_Entry(instance);
}

static bool SM_Execute_Layer_0(ADIA_Instance_t *instance)
{
    switch (instance->active_states[0U]) {
        case SM_ST_S1:
            return SM_Execute_State_1(instance);
        case SM_ST_S2:
            return SM_Execute_State_2(instance);
        default: return false;
    }
}

static bool SM_Execute_State_1(ADIA_Instance_t *instance)
{
    if (((instance->state_timers[SM_ST_S1_IDX] >= 20U))) {
        SM_Exit_State(instance, SM_ST_S1, true);
        instance->state_active[SM_ST_S2_IDX] = true;
        instance->state_timers[SM_ST_S2_IDX] = 0U;
        instance->active_states[0U] = SM_ST_S2;
        SM_ST_S2_Entry(instance);
        return true;
    }
    SM_ST_S1_During(instance);
    return false;
}

static bool SM_Execute_State_2(ADIA_Instance_t *instance)
{
    SM_ST_S2_During(instance);
    return false;
}

static void SM_Exit_All(ADIA_Instance_t *instance)
{
    SM_Exit_Layer(instance, SM_LYR_ROOT_IDX);
}

static void SM_Enter_Safe_State(ADIA_Instance_t *instance)
{
    (void)instance;
}

static void SM_Enter_Fault(ADIA_Instance_t *instance)
{
    if (!instance->fault_latched) {
        SM_Exit_All(instance);
        SM_Enter_Safe_State(instance);
        SM_ApplySafeOutputs(instance);
        instance->fault_latched = true;
    }
}

SM_Error_t SM_Init(ADIA_Instance_t *instance)
{
    uint32_t layer_index;
    uint32_t state_index;
    if (instance == NULL) {
        return SM_ERR_NULL_INSTANCE;
    }
    (void)memset(instance, 0, sizeof(*instance));
#ifdef SM_TRACE_ENABLED
    instance->trace_sink = NULL;
#endif
    (void)SM_Exit_Layer_No_History_0;
    (void)SM_Enter_Deep_1;
    (void)SM_Restore_State_1;
    (void)SM_Enter_Deep_2;
    (void)SM_Restore_State_2;
    instance->data.log = (uint32_t)(0U);
    instance->data.t1 = (bool)(false);
    instance->data.t2 = (bool)(false);
    for (layer_index = 0U; layer_index < SM_NUM_ACTIVE_SLOTS; ++layer_index) {
        instance->active_states[layer_index] = SM_NODE_INVALID;
        instance->history_states[layer_index] = SM_NODE_INVALID;
    }
    for (layer_index = 0U; layer_index < SM_NUM_LAYERS; ++layer_index) {
        for (state_index = 0U; state_index <= SM_NUM_STATES; ++state_index) {
            instance->deep_history[layer_index][state_index] = false;
        }
    }
    for (state_index = 0U; state_index <= SM_NUM_STATES; ++state_index) {
        instance->state_active[state_index] = false;
        instance->state_timers[state_index] = 0U;
    }
    instance->error_status = SM_ERR_NONE;
    instance->fault_latched = false;
    SM_Enter_Layer_Default_0(instance);
    return SM_ERR_NONE;
}

SM_Error_t SM_Reset(ADIA_Instance_t *instance)
{
    uint32_t layer_index;
    uint32_t state_index;
    if (instance == NULL) {
        return SM_ERR_NULL_INSTANCE;
    }
    SM_Exit_Layer(instance, SM_LYR_ROOT_IDX);
    instance->data.log = (uint32_t)(0U);
    instance->data.t1 = (bool)(false);
    instance->data.t2 = (bool)(false);
    for (layer_index = 0U; layer_index < SM_NUM_ACTIVE_SLOTS; ++layer_index) {
        instance->active_states[layer_index] = SM_NODE_INVALID;
        instance->history_states[layer_index] = SM_NODE_INVALID;
    }
    for (layer_index = 0U; layer_index < SM_NUM_LAYERS; ++layer_index) {
        for (state_index = 0U; state_index <= SM_NUM_STATES; ++state_index) {
            instance->deep_history[layer_index][state_index] = false;
        }
    }
    for (state_index = 0U; state_index <= SM_NUM_STATES; ++state_index) {
        instance->state_active[state_index] = false;
        instance->state_timers[state_index] = 0U;
    }
    instance->error_status = SM_ERR_NONE;
    instance->fault_latched = false;
    SM_Enter_Layer_Default_0(instance);
    return SM_WriteOutputs(instance);
}

SM_Error_t SM_ReadInputs(ADIA_Instance_t *instance)
{
    if (instance == NULL) {
        return SM_ERR_NULL_INSTANCE;
    }
    (void)instance;
    return SM_ERR_NONE;
}

SM_Error_t SM_Step(ADIA_Instance_t *instance, uint32_t delta_ms)
{
    uint32_t state_index;
    if (instance == NULL) {
        return SM_ERR_NULL_INSTANCE;
    }
    if (instance->error_status != SM_ERR_NONE) {
        SM_Enter_Fault(instance);
        return instance->error_status;
    }
    uint32_t tick_delta;
    if (delta_ms >= SM_TICK_MS) {
        tick_delta = delta_ms - SM_TICK_MS;
    } else {
        tick_delta = SM_TICK_MS - delta_ms;
    }
    if (tick_delta > SM_TICK_TOLERANCE_MS) {
        instance->error_status = SM_ERR_TIMING;
        SM_Enter_Fault(instance);
        return instance->error_status;
    }
    instance->error_status = SM_Validate_State_Consistency(instance);
    if (instance->error_status != SM_ERR_NONE) {
        SM_Enter_Fault(instance);
        return instance->error_status;
    }
    /* delta_ms is observed physical jitter; SM_TICK_MS is behavioral logical time. */
    for (state_index = 1U; state_index <= SM_NUM_STATES; ++state_index) {
        if (instance->state_active[state_index]) {
            if (SM_TICK_MS > (UINT32_MAX - instance->state_timers[state_index])) {
                instance->state_timers[state_index] = UINT32_MAX;
            } else {
                instance->state_timers[state_index] += SM_TICK_MS;
            }
        }
    }
    (void)SM_Execute_Layer_0(instance);
    if (instance->error_status != SM_ERR_NONE) {
        SM_Enter_Fault(instance);
    }
    return instance->error_status;
}

SM_Error_t SM_WriteOutputs(ADIA_Instance_t *instance)
{
    if (instance == NULL) {
        return SM_ERR_NULL_INSTANCE;
    }
    if (instance->error_status != SM_ERR_NONE) {
        SM_Enter_Fault(instance);
        return instance->error_status;
    }
    instance->error_status = SM_Validate_State_Consistency(instance);
    if (instance->error_status != SM_ERR_NONE) {
        SM_Enter_Fault(instance);
        return instance->error_status;
    }
    (void)instance;
    return SM_ERR_NONE;
}

SM_Error_t SM_Sync_IO(ADIA_Instance_t *instance)
{
    SM_Error_t error = SM_ReadInputs(instance);
    if (error == SM_ERR_NONE) {
        error = SM_WriteOutputs(instance);
    }
    return error;
}

SM_Node_t SM_GetActive(const ADIA_Instance_t *instance, SM_Group_t group)
{
    if ((instance == NULL) || (group >= SM_NUM_ACTIVE_SLOTS)) {
        return SM_NODE_INVALID;
    }
    return instance->active_states[group];
}

SM_Error_t SM_GetError(const ADIA_Instance_t *instance)
{
    return instance == NULL ? SM_ERR_NULL_INSTANCE : instance->error_status;
}
",
    "name": "sm_core.c",
  },
  {
    "content": "#ifndef SM_SAFETY_H
#define SM_SAFETY_H

#include "sm_config.h"

SM_Error_t SM_Validate_State_Consistency(const ADIA_Instance_t *instance);
void SM_ApplySafeOutputs(ADIA_Instance_t *instance);

#endif /* SM_SAFETY_H */
",
    "name": "sm_safety.h",
  },
  {
    "content": "#include <stddef.h>
#include "sm_safety.h"

static const SM_Node_t SM_State_Parent_Map[SM_NUM_STATES + 1U] = {
    [0] = SM_NODE_INVALID,
    [SM_ST_S1_IDX] = SM_NODE_INVALID,
    [SM_ST_S2_IDX] = SM_NODE_INVALID,
};

static const int32_t SM_State_Active_Slot_Map[SM_NUM_STATES + 1U] = {
    [0] = -1,
    [SM_ST_S1_IDX] = 0,
    [SM_ST_S2_IDX] = 0,
};

static const SM_Node_t SM_Layer_Parent_Map[SM_NUM_LAYERS] = {
    [SM_LYR_ROOT_IDX] = SM_NODE_INVALID,
};

static const int32_t SM_Layer_Active_Slot_Map[SM_NUM_LAYERS] = {
    [SM_LYR_ROOT_IDX] = 0,
};

static const bool SM_Layer_Has_Children_Map[SM_NUM_LAYERS] = {
    [SM_LYR_ROOT_IDX] = true,
};

static bool SM_Is_Direct_Layer_Child(uint32_t layer_index, SM_Node_t state)
{
    switch (layer_index) {
        case SM_LYR_ROOT_IDX:
            switch (state) {
                case SM_ST_S1: return true;
                case SM_ST_S2: return true;
                default: return false;
            }
        default: return false;
    }
}

static bool SM_Is_Layer_Descendant(uint32_t layer_index, SM_Node_t state)
{
    switch (layer_index) {
        case SM_LYR_ROOT_IDX:
            switch (state) {
                case SM_ST_S1: return true;
                case SM_ST_S2: return true;
                default: return false;
            }
        default: return false;
    }
}

SM_Error_t SM_Validate_State_Consistency(const ADIA_Instance_t *instance)
{
    uint32_t layer_index;
    uint32_t state_index;
    uint32_t slot_index;
    SM_Node_t active_node;
    SM_Node_t history_node;
    int32_t active_slot;
    SM_Node_t parent;
    bool container_active;
    if (instance == NULL) {
        return SM_ERR_NULL_INSTANCE;
    }
    for (state_index = 1U; state_index <= SM_NUM_STATES; ++state_index) {
        if (instance->state_active[state_index]) {
            parent = SM_State_Parent_Map[state_index];
            if ((parent != SM_NODE_INVALID)
                && (!instance->state_active[(uint32_t)parent])) {
                return SM_ERR_CONFIGURATION;
            }
            active_slot = SM_State_Active_Slot_Map[state_index];
            if ((active_slot >= 0)
                && (instance->active_states[(uint32_t)active_slot]
                    != (SM_Node_t)state_index)) {
                return SM_ERR_CONFIGURATION;
            }
        }
    }
    for (layer_index = 0U; layer_index < SM_NUM_LAYERS; ++layer_index) {
        parent = SM_Layer_Parent_Map[layer_index];
        container_active = (parent == SM_NODE_INVALID)
            || instance->state_active[(uint32_t)parent];
        active_slot = SM_Layer_Active_Slot_Map[layer_index];
        if (container_active) {
            if (active_slot >= 0) {
                active_node = instance->active_states[(uint32_t)active_slot];
                if ((active_node == SM_NODE_INVALID)
                    || ((uint32_t)active_node > SM_NUM_STATES)
                    || (!SM_Is_Direct_Layer_Child(layer_index, active_node))
                    || (!instance->state_active[(uint32_t)active_node])) {
                    return SM_ERR_CONFIGURATION;
                }
            } else if (SM_Layer_Has_Children_Map[layer_index]) {
                for (state_index = 1U; state_index <= SM_NUM_STATES; ++state_index) {
                    if (SM_Is_Direct_Layer_Child(layer_index, (SM_Node_t)state_index)
                        && (!instance->state_active[state_index])) {
                        return SM_ERR_CONFIGURATION;
                    }
                }
            }
        } else if ((active_slot >= 0)
            && (instance->active_states[(uint32_t)active_slot] != SM_NODE_INVALID)) {
            return SM_ERR_CONFIGURATION;
        }
        if (active_slot >= 0) {
            history_node = instance->history_states[(uint32_t)active_slot];
            if ((history_node != SM_NODE_INVALID)
                && (((uint32_t)history_node > SM_NUM_STATES)
                    || (!SM_Is_Direct_Layer_Child(layer_index, history_node)))) {
                return SM_ERR_CONFIGURATION;
            }
        }
        for (state_index = 1U; state_index <= SM_NUM_STATES; ++state_index) {
            if (instance->deep_history[layer_index][state_index]
                && (!SM_Is_Layer_Descendant(layer_index, (SM_Node_t)state_index))) {
                return SM_ERR_CONFIGURATION;
            }
        }
    }
    for (slot_index = 0U; slot_index < SM_NUM_ACTIVE_SLOTS; ++slot_index) {
        active_node = instance->active_states[slot_index];
        if (active_node != SM_NODE_INVALID) {
            if (((uint32_t)active_node > SM_NUM_STATES)
                || (!instance->state_active[(uint32_t)active_node])
                || (SM_State_Active_Slot_Map[(uint32_t)active_node]
                    != (int32_t)slot_index)) {
                return SM_ERR_CONFIGURATION;
            }
        }
    }
    return SM_ERR_NONE;
}

void SM_ApplySafeOutputs(ADIA_Instance_t *instance)
{
    (void)instance;
}
",
    "name": "sm_safety.c",
  },
  {
    "content": "#ifndef SM_USER_LOGIC_H
#define SM_USER_LOGIC_H

#include "sm_config.h"

/* State: A | Model ID: s1 | C enum: SM_ST_S1 */
void SM_ST_S1_Entry(ADIA_Instance_t *instance);
void SM_ST_S1_During(ADIA_Instance_t *instance);
void SM_ST_S1_Exit(ADIA_Instance_t *instance);
/* State: B | Model ID: s2 | C enum: SM_ST_S2 */
void SM_ST_S2_Entry(ADIA_Instance_t *instance);
void SM_ST_S2_During(ADIA_Instance_t *instance);
void SM_ST_S2_Exit(ADIA_Instance_t *instance);

#endif /* SM_USER_LOGIC_H */
",
    "name": "sm_user_logic.h",
  },
  {
    "content": "#include "sm_core.h"
#include "sm_user_logic.h"

/* State: A | Model ID: s1 | C enum: SM_ST_S1 */
void SM_ST_S1_Entry(ADIA_Instance_t *instance)
{
    instance->data.log = (uint32_t)(100U);
    SM_TraceAction(instance, "entry:S1");
}

void SM_ST_S1_During(ADIA_Instance_t *instance)
{
    instance->data.log = (uint32_t)((instance->data.log + 1U));
    SM_TraceAction(instance, "during:S1");
}

void SM_ST_S1_Exit(ADIA_Instance_t *instance)
{
    instance->data.log = (uint32_t)((instance->data.log + 5U));
    SM_TraceAction(instance, "exit:S1");
}

/* State: B | Model ID: s2 | C enum: SM_ST_S2 */
void SM_ST_S2_Entry(ADIA_Instance_t *instance)
{
    instance->data.log = (uint32_t)(200U);
    SM_TraceAction(instance, "entry:S2");
}

void SM_ST_S2_During(ADIA_Instance_t *instance)
{
    instance->data.log = (uint32_t)((instance->data.log + 2U));
    SM_TraceAction(instance, "during:S2");
}

void SM_ST_S2_Exit(ADIA_Instance_t *instance)
{
    (void)instance;
}

",
    "name": "sm_user_logic.c",
  },
  {
    "content": "#ifndef MCAL_DIO_H
#define MCAL_DIO_H

#include <stdbool.h>
#include <stdint.h>


bool MCAL_Dio_ReadChannel(uint32_t channel);
void MCAL_Dio_WriteChannel(uint32_t channel, bool level);
double MCAL_ReadChannelValue(uint32_t channel);
void MCAL_WriteChannelValue(uint32_t channel, double value);
void MCAL_ApplySafeOutputs(void);
void MCAL_Watchdog_Kick(void);

#endif /* MCAL_DIO_H */
",
    "name": "mcal_dio.h",
  },
  {
    "content": "# ADIA State Machine Generated-C Verification Report

## Summary

- Execution mode: STATIC_ANALYSIS_ONLY
- Static AST reachability: 100.0%
- Dynamic executable reachability: NOT RUN

## Structural validation

- Structural model validation: PASS
- States: 2
- Layers: 1 (1 OR, 0 AND)
- Active configuration slots: 1
- Static AST reachability: 100.0%
- Reachable state IDs: s1, s2
- Unreachable state IDs: None
- Terminal state IDs: None

## Semantic validation

- Semantic IR validation: PASS
- Rendering consumed one immutable, validated semantic model.
- OR layers maintain one active child; AND layers maintain one active child per region.
- Terminal states are quiescent and do not trigger implicit reset.
- Shallow history restores the direct child; deep history restores the recorded descendant configuration.
- Runtime order is outer transition, during action, inner transition, then active children.

## Verification evidence

- Structural validation: PASS
- Semantic validation: PASS
- Host compilation: NOT RUN
- Host runtime: NOT RUN
- Differential trace: NOT RUN
- Compiled X-Bridges execution: NOT RUN
- Embedded compilation: NOT RUN
- Target hardware: PENDING
- Formal MISRA compliance and safety certification: NOT CLAIMED

Evidence labels describe only the checks actually recorded for this generated package. A PASS at one level does not imply a PASS at any other level.

## X-Bridges code generation

- X-Bridges states: 0
- X-Bridges blocks: 0
- Operation evaluations per tick: 0
- Estimated X-Bridges static memory lower bound: 0 bytes (lower-bound-excludes-padding; excludes target ABI padding and linker allocation)
- Solver: None
- Numeric types: None
- Required target capabilities: None
- Unsupported embedded capabilities: None

## State traceability

| State name | Model ID | C enum | Layer | X-Bridges |
|---|---|---|---|---|
| A | s1 | SM_ST_S1 | root | no |
| B | s2 | SM_ST_S2 | root | no |
",
    "name": "sm_testing_report.md",
  },
  {
    "content": "# ADIA State Machine Static Metrics Report

## Validated semantic model

| Metric | Value |
|---|---:|
| States | 2 |
| Transitions | 1 |
| Junctions | 0 |
| Variables | 3 |
| Layers | 1 |
| OR layers | 1 |
| AND layers | 0 |
| Active configuration slots | 1 |
| Fixed step | 10 ms |

## Shared behavioral analysis

- State reachability: 100.0%
- Reachable state IDs: s1, s2
- Unreachable state IDs: None
- Terminal state IDs: None
- Enumerated paths: 1
- Maximum path length: 2
- Structural branch coverage estimate: 0.0%
- Potential deadlocks: 1
- Potential unconditional self-loops: 0

## Generated source metrics

| Metric | Value |
|---|---:|
| Files measured | 8 |
| Total lines | 674 |
| Functional lines | 595 |
| Comment/blank density | 11.7% |

## X-Bridges static code-generation metrics

- X-Bridges states: 0
- X-Bridges blocks: 0
- Operation evaluations per tick: 0
- Estimated X-Bridges static memory lower bound: 0 bytes (lower-bound-excludes-padding; excludes target ABI padding and linker allocation)
- Solver: None
- Numeric types: None
- Required target capabilities: None
- Unsupported embedded capabilities: None

These are structural metrics derived from the same validated semantic analysis used by the testing report. They are not formal MISRA, safety-certification, embedded-timing, or target-hardware evidence.
",
    "name": "static_metrics_report.md",
  },
]
`;
