// Vitest Snapshot v1, https://vitest.dev/guide/snapshot.html

exports[`Golden-file & behavior trace regression tests > should match golden templates (snapshot comparison) 1`] = `
[
  {
    "content": "#ifndef SM_CONFIG_H
#define SM_CONFIG_H

#include <stdbool.h>
#include <stdint.h>

#define SM_TICK_MS 10U
#define SM_NUM_STATES 2U
#define SM_NUM_LAYERS 1U
#define SM_NUM_ACTIVE_SLOTS 1U
#define SM_LYR_ROOT_IDX 0U
#define SM_ST_S1_IDX 1U
#define SM_ST_S2_IDX 2U

typedef enum {
    SM_NODE_INVALID = 0,
    SM_ST_S1 = 1,
    SM_ST_S2 = 2
} SM_Node_t;

typedef enum {
    SM_ERR_NONE = 0,
    SM_ERR_NULL_INSTANCE,
    SM_ERR_TIMING,
    SM_ERR_CONFIGURATION,
    SM_ERR_SAFETY_VIOLATION
} SM_Error_t;

typedef uint32_t SM_Group_t;

typedef struct {
    uint32_t log;
    bool t1;
    bool t2;
} SM_Data_t;

typedef struct {
    SM_Data_t data;
    SM_Node_t active_states[(SM_NUM_ACTIVE_SLOTS > 0U) ? SM_NUM_ACTIVE_SLOTS : 1U];
    SM_Node_t history_states[(SM_NUM_ACTIVE_SLOTS > 0U) ? SM_NUM_ACTIVE_SLOTS : 1U];
    bool state_active[SM_NUM_STATES + 1U];
    uint32_t state_timers[SM_NUM_STATES + 1U];
    bool deep_history[SM_NUM_LAYERS][SM_NUM_STATES + 1U];
    SM_Error_t error_status;
} ADIA_Instance_t;

#endif /* SM_CONFIG_H */
",
    "name": "sm_config.h",
  },
  {
    "content": "#ifndef SM_CORE_H
#define SM_CORE_H

#include "sm_config.h"

SM_Error_t SM_Init(ADIA_Instance_t *instance);
SM_Error_t SM_Reset(ADIA_Instance_t *instance);
SM_Error_t SM_ReadInputs(ADIA_Instance_t *instance);
SM_Error_t SM_Step(ADIA_Instance_t *instance, uint32_t delta_ms);
SM_Error_t SM_WriteOutputs(ADIA_Instance_t *instance);
SM_Error_t SM_Sync_IO(ADIA_Instance_t *instance);
SM_Node_t SM_GetActive(const ADIA_Instance_t *instance, SM_Group_t group);
SM_Error_t SM_GetError(const ADIA_Instance_t *instance);

#endif /* SM_CORE_H */
",
    "name": "sm_core.h",
  },
  {
    "content": "#include <limits.h>
#include <stddef.h>
#include "sm_core.h"
#include "sm_safety.h"
#include "sm_user_logic.h"
#include "mcal_dio.h"

static void SM_Enter_Layer_Default_0(ADIA_Instance_t *instance);
static void SM_Exit_Layer_No_History_0(ADIA_Instance_t *instance);
static bool SM_Execute_Layer_0(ADIA_Instance_t *instance);
static void SM_Enter_Deep_1(ADIA_Instance_t *instance);
static void SM_Restore_State_1(ADIA_Instance_t *instance, uint32_t snapshot_layer);
static bool SM_Execute_State_1(ADIA_Instance_t *instance);
static void SM_Enter_Deep_2(ADIA_Instance_t *instance);
static void SM_Restore_State_2(ADIA_Instance_t *instance, uint32_t snapshot_layer);
static bool SM_Execute_State_2(ADIA_Instance_t *instance);
static void SM_Record_Layer_History(ADIA_Instance_t *instance, uint32_t layer);
static void SM_Exit_Layer(ADIA_Instance_t *instance, uint32_t layer);
static void SM_Exit_State(ADIA_Instance_t *instance, SM_Node_t state, bool record_containing_layer);

static void SM_Record_Layer_History(ADIA_Instance_t *instance, uint32_t layer)
{
    uint32_t state_index;
    for (state_index = 0U; state_index <= SM_NUM_STATES; ++state_index) {
        instance->deep_history[layer][state_index] = false;
    }
    switch (layer) {
        case SM_LYR_ROOT_IDX:
            instance->history_states[0U] = instance->active_states[0U];
            instance->deep_history[SM_LYR_ROOT_IDX][SM_ST_S1_IDX] = instance->state_active[SM_ST_S1_IDX];
            instance->deep_history[SM_LYR_ROOT_IDX][SM_ST_S2_IDX] = instance->state_active[SM_ST_S2_IDX];
            break;
        default: break;
    }
}

static void SM_Exit_Layer(ADIA_Instance_t *instance, uint32_t layer)
{
    switch (layer) {
        case SM_LYR_ROOT_IDX:
            SM_Record_Layer_History(instance, SM_LYR_ROOT_IDX);
            if (instance->active_states[0U] != SM_NODE_INVALID) {
                SM_Exit_State(instance, instance->active_states[0U], false);
            }
            break;
        default: break;
    }
}

static void SM_Exit_State(ADIA_Instance_t *instance, SM_Node_t state, bool record_containing_layer)
{
    if (record_containing_layer) {
        switch (state) {
            case SM_ST_S1: SM_Record_Layer_History(instance, SM_LYR_ROOT_IDX); break;
            case SM_ST_S2: SM_Record_Layer_History(instance, SM_LYR_ROOT_IDX); break;
            default: break;
        }
    }
    switch (state) {
        case SM_ST_S1:
            if (!instance->state_active[SM_ST_S1_IDX]) { break; }
            SM_ST_S1_Exit(instance);
            instance->state_active[SM_ST_S1_IDX] = false;
            instance->state_timers[SM_ST_S1_IDX] = 0U;
            if (instance->active_states[0U] == SM_ST_S1) {
                instance->active_states[0U] = SM_NODE_INVALID;
            }
            break;
        case SM_ST_S2:
            if (!instance->state_active[SM_ST_S2_IDX]) { break; }
            SM_ST_S2_Exit(instance);
            instance->state_active[SM_ST_S2_IDX] = false;
            instance->state_timers[SM_ST_S2_IDX] = 0U;
            if (instance->active_states[0U] == SM_ST_S2) {
                instance->active_states[0U] = SM_NODE_INVALID;
            }
            break;
        default: break;
    }
}

static void SM_Exit_Layer_No_History_0(ADIA_Instance_t *instance)
{
    if (instance->active_states[0U] != SM_NODE_INVALID) {
        SM_Exit_State(instance, instance->active_states[0U], false);
    }
}

static void SM_Enter_Layer_Default_0(ADIA_Instance_t *instance)
{
    SM_Enter_Deep_1(instance);
}

static void SM_Enter_Deep_1(ADIA_Instance_t *instance)
{
    instance->state_active[SM_ST_S1_IDX] = true;
    instance->state_timers[SM_ST_S1_IDX] = 0U;
    instance->active_states[0U] = SM_ST_S1;
    SM_ST_S1_Entry(instance);
}

static void SM_Restore_State_1(ADIA_Instance_t *instance, uint32_t snapshot_layer)
{
    (void)snapshot_layer;
    instance->state_active[SM_ST_S1_IDX] = true;
    instance->state_timers[SM_ST_S1_IDX] = 0U;
    instance->active_states[0U] = SM_ST_S1;
    SM_ST_S1_Entry(instance);
}

static void SM_Enter_Deep_2(ADIA_Instance_t *instance)
{
    instance->state_active[SM_ST_S2_IDX] = true;
    instance->state_timers[SM_ST_S2_IDX] = 0U;
    instance->active_states[0U] = SM_ST_S2;
    SM_ST_S2_Entry(instance);
}

static void SM_Restore_State_2(ADIA_Instance_t *instance, uint32_t snapshot_layer)
{
    (void)snapshot_layer;
    instance->state_active[SM_ST_S2_IDX] = true;
    instance->state_timers[SM_ST_S2_IDX] = 0U;
    instance->active_states[0U] = SM_ST_S2;
    SM_ST_S2_Entry(instance);
}

static bool SM_Execute_Layer_0(ADIA_Instance_t *instance)
{
    switch (instance->active_states[0U]) {
        case SM_ST_S1:
            return SM_Execute_State_1(instance);
        case SM_ST_S2:
            return SM_Execute_State_2(instance);
        default: return false;
    }
}

static bool SM_Execute_State_1(ADIA_Instance_t *instance)
{
    if (((instance->state_timers[SM_ST_S1_IDX] >= 20U))) {
        SM_Exit_State(instance, SM_ST_S1, true);
        if ((instance->active_states[0U] != SM_NODE_INVALID) &&
            (instance->active_states[0U] != SM_ST_S2)) {
            SM_Exit_State(instance, instance->active_states[0U], true);
        }
        instance->state_active[SM_ST_S2_IDX] = true;
        instance->state_timers[SM_ST_S2_IDX] = 0U;
        instance->active_states[0U] = SM_ST_S2;
        SM_ST_S2_Entry(instance);
        return true;
    }
    SM_ST_S1_During(instance);
    return false;
}

static bool SM_Execute_State_2(ADIA_Instance_t *instance)
{
    SM_ST_S2_During(instance);
    return false;
}

SM_Error_t SM_Init(ADIA_Instance_t *instance)
{
    uint32_t layer_index;
    uint32_t state_index;
    if (instance == NULL) {
        return SM_ERR_NULL_INSTANCE;
    }
    (void)SM_Exit_Layer_No_History_0;
    (void)SM_Enter_Deep_1;
    (void)SM_Restore_State_1;
    (void)SM_Enter_Deep_2;
    (void)SM_Restore_State_2;
    instance->data.log = (uint32_t)(0U);
    instance->data.t1 = (bool)(false);
    instance->data.t2 = (bool)(false);
    for (layer_index = 0U; layer_index < SM_NUM_ACTIVE_SLOTS; ++layer_index) {
        instance->active_states[layer_index] = SM_NODE_INVALID;
        instance->history_states[layer_index] = SM_NODE_INVALID;
    }
    for (layer_index = 0U; layer_index < SM_NUM_LAYERS; ++layer_index) {
        for (state_index = 0U; state_index <= SM_NUM_STATES; ++state_index) {
            instance->deep_history[layer_index][state_index] = false;
        }
    }
    for (state_index = 0U; state_index <= SM_NUM_STATES; ++state_index) {
        instance->state_active[state_index] = false;
        instance->state_timers[state_index] = 0U;
    }
    instance->error_status = SM_ERR_NONE;
    SM_Enter_Layer_Default_0(instance);
    return SM_ERR_NONE;
}

SM_Error_t SM_Reset(ADIA_Instance_t *instance)
{
    uint32_t layer_index;
    uint32_t state_index;
    if (instance == NULL) {
        return SM_ERR_NULL_INSTANCE;
    }
    SM_Exit_Layer(instance, SM_LYR_ROOT_IDX);
    instance->data.log = (uint32_t)(0U);
    instance->data.t1 = (bool)(false);
    instance->data.t2 = (bool)(false);
    for (layer_index = 0U; layer_index < SM_NUM_ACTIVE_SLOTS; ++layer_index) {
        instance->active_states[layer_index] = SM_NODE_INVALID;
        instance->history_states[layer_index] = SM_NODE_INVALID;
    }
    for (layer_index = 0U; layer_index < SM_NUM_LAYERS; ++layer_index) {
        for (state_index = 0U; state_index <= SM_NUM_STATES; ++state_index) {
            instance->deep_history[layer_index][state_index] = false;
        }
    }
    for (state_index = 0U; state_index <= SM_NUM_STATES; ++state_index) {
        instance->state_active[state_index] = false;
        instance->state_timers[state_index] = 0U;
    }
    instance->error_status = SM_ERR_NONE;
    SM_Enter_Layer_Default_0(instance);
    return SM_ERR_NONE;
}

SM_Error_t SM_ReadInputs(ADIA_Instance_t *instance)
{
    if (instance == NULL) {
        return SM_ERR_NULL_INSTANCE;
    }
    (void)instance;
    return SM_ERR_NONE;
}

SM_Error_t SM_Step(ADIA_Instance_t *instance, uint32_t delta_ms)
{
    uint32_t state_index;
    if (instance == NULL) {
        return SM_ERR_NULL_INSTANCE;
    }
    if (instance->error_status != SM_ERR_NONE) {
        return instance->error_status;
    }
    if (delta_ms != SM_TICK_MS) {
        instance->error_status = SM_ERR_TIMING;
        return instance->error_status;
    }
    for (state_index = 1U; state_index <= SM_NUM_STATES; ++state_index) {
        if (instance->state_active[state_index]) {
            if (delta_ms > (UINT32_MAX - instance->state_timers[state_index])) {
                instance->state_timers[state_index] = UINT32_MAX;
            } else {
                instance->state_timers[state_index] += delta_ms;
            }
        }
    }
    (void)SM_Execute_Layer_0(instance);
    return instance->error_status;
}

SM_Error_t SM_WriteOutputs(ADIA_Instance_t *instance)
{
    if (instance == NULL) {
        return SM_ERR_NULL_INSTANCE;
    }
    (void)instance;
    return SM_ERR_NONE;
}

SM_Error_t SM_Sync_IO(ADIA_Instance_t *instance)
{
    SM_Error_t error = SM_ReadInputs(instance);
    if (error == SM_ERR_NONE) {
        error = SM_WriteOutputs(instance);
    }
    return error;
}

SM_Node_t SM_GetActive(const ADIA_Instance_t *instance, SM_Group_t group)
{
    if ((instance == NULL) || (group >= SM_NUM_ACTIVE_SLOTS)) {
        return SM_NODE_INVALID;
    }
    return instance->active_states[group];
}

SM_Error_t SM_GetError(const ADIA_Instance_t *instance)
{
    return instance == NULL ? SM_ERR_NULL_INSTANCE : instance->error_status;
}
",
    "name": "sm_core.c",
  },
  {
    "content": "#ifndef SM_SAFETY_H
#define SM_SAFETY_H

#include "sm_config.h"

SM_Error_t SM_Validate_State_Consistency(const ADIA_Instance_t *instance);
void SM_ApplySafeOutputs(ADIA_Instance_t *instance);

#endif /* SM_SAFETY_H */
",
    "name": "sm_safety.h",
  },
  {
    "content": "#include <stddef.h>
#include "sm_safety.h"

SM_Error_t SM_Validate_State_Consistency(const ADIA_Instance_t *instance)
{
    if (instance == NULL) {
        return SM_ERR_NULL_INSTANCE;
    }
    return SM_ERR_NONE;
}

void SM_ApplySafeOutputs(ADIA_Instance_t *instance)
{
    (void)instance;
}
",
    "name": "sm_safety.c",
  },
  {
    "content": "#ifndef SM_USER_LOGIC_H
#define SM_USER_LOGIC_H

#include "sm_config.h"

void SM_ST_S1_Entry(ADIA_Instance_t *instance);
void SM_ST_S1_During(ADIA_Instance_t *instance);
void SM_ST_S1_Exit(ADIA_Instance_t *instance);
void SM_ST_S2_Entry(ADIA_Instance_t *instance);
void SM_ST_S2_During(ADIA_Instance_t *instance);
void SM_ST_S2_Exit(ADIA_Instance_t *instance);

#endif /* SM_USER_LOGIC_H */
",
    "name": "sm_user_logic.h",
  },
  {
    "content": "#include "sm_user_logic.h"

void SM_ST_S1_Entry(ADIA_Instance_t *instance)
{
    instance->data.log = (uint32_t)(100U);
}

void SM_ST_S1_During(ADIA_Instance_t *instance)
{
    instance->data.log = (uint32_t)((instance->data.log + 1U));
}

void SM_ST_S1_Exit(ADIA_Instance_t *instance)
{
    instance->data.log = (uint32_t)((instance->data.log + 5U));
}

void SM_ST_S2_Entry(ADIA_Instance_t *instance)
{
    instance->data.log = (uint32_t)(200U);
}

void SM_ST_S2_During(ADIA_Instance_t *instance)
{
    instance->data.log = (uint32_t)((instance->data.log + 2U));
}

void SM_ST_S2_Exit(ADIA_Instance_t *instance)
{
    (void)instance;
}

",
    "name": "sm_user_logic.c",
  },
  {
    "content": "#ifndef MCAL_DIO_H
#define MCAL_DIO_H

#include <stdbool.h>
#include <stdint.h>


bool MCAL_Dio_ReadChannel(uint32_t channel);
void MCAL_Dio_WriteChannel(uint32_t channel, bool level);
void MCAL_ApplySafeOutputs(void);
void MCAL_Watchdog_Kick(void);

#endif /* MCAL_DIO_H */
",
    "name": "mcal_dio.h",
  },
  {
    "content": "# ADIA State Machine Generated-C Verification Report

## Structural validation

- States: 2
- Layers: 1
- Active configuration slots: 1

## Semantic validation

- Rendering consumed an immutable, validated SemanticModel.
- Terminal states are quiescent and do not trigger implicit reset.
- Runtime order is outer transition, during action, inner transition, then active children.

## Verification status

- Host compilation: pending external build gate.
- Host runtime: pending external differential harness.
- Embedded compilation: pending configured target toolchain.
- Formal MISRA compliance and safety certification are not claimed.
",
    "name": "sm_testing_report.md",
  },
]
`;
